15:55:00 **** Auto Build of configuration Debug for project nes_test ****
make pre-build main-build 
a9-linaro-pre-build-step
' '
'Building file: ../src/helloworld.c'
'Invoking: ARM v7 gcc compiler'
arm-none-eabi-gcc -Wall -O0 -g3 -c -fmessage-length=0 -MT"src/helloworld.o" -mcpu=cortex-a9 -mfpu=vfpv3 -mfloat-abi=hard -I../../nes_test_bsp/ps7_cortexa9_0/include -MMD -MP -MF"src/helloworld.d" -MT"src/helloworld.o" -o "src/helloworld.o" "../src/helloworld.c"
'Finished building: ../src/helloworld.c'
' '
'Building target: nes_test.elf'
'Invoking: ARM v7 gcc linker'
arm-none-eabi-gcc -mcpu=cortex-a9 -mfpu=vfpv3 -mfloat-abi=hard -Wl,-build-id=none -specs=Xilinx.spec -Wl,-T -Wl,../src/lscript.ld -L../../nes_test_bsp/ps7_cortexa9_0/lib -o "nes_test.elf"  ./src/helloworld.o ./src/platform.o   -Wl,--start-group,-lxil,-lgcc,-lc,--end-group
'Finished building target: nes_test.elf'
' '
'Invoking: ARM v7 Print Size'
arm-none-eabi-size nes_test.elf  |tee "nes_test.elf.size"
   text	   data	    bss	    dec	    hex	filename
  19228	   1144	  22568	  42940	   a7bc	nes_test.elf
'Finished building: nes_test.elf.size'
' '

15:55:01 Build Finished (took 1s.312ms)

