21:48:30 **** Auto Build of configuration Debug for project VGA_Test2 ****
make pre-build main-build 
a9-linaro-pre-build-step
' '
'Building file: ../src/vga_test.c'
'Invoking: ARM v7 gcc compiler'
arm-none-eabi-gcc -Wall -O0 -g3 -c -fmessage-length=0 -MT"src/vga_test.o" -mcpu=cortex-a9 -mfpu=vfpv3 -mfloat-abi=hard -I../../VGA_Test2_bsp/ps7_cortexa9_0/include -MMD -MP -MF"src/vga_test.d" -MT"src/vga_test.o" -o "src/vga_test.o" "../src/vga_test.c"
'Finished building: ../src/vga_test.c'
' '
'Building target: VGA_Test2.elf'
'Invoking: ARM v7 gcc linker'
arm-none-eabi-gcc -mcpu=cortex-a9 -mfpu=vfpv3 -mfloat-abi=hard -Wl,-build-id=none -specs=Xilinx.spec -Wl,-T -Wl,../src/lscript.ld -L../../VGA_Test2_bsp/ps7_cortexa9_0/lib -o "VGA_Test2.elf"  ./src/vga_test.o   -Wl,--start-group,-lxil,-lgcc,-lc,--end-group
'Finished building target: VGA_Test2.elf'
' '
'Invoking: ARM v7 Print Size'
arm-none-eabi-size VGA_Test2.elf  |tee "VGA_Test2.elf.size"
   text	   data	    bss	    dec	    hex	filename
  35408	   1152	 636984	 673544	  a4708	VGA_Test2.elf
'Finished building: VGA_Test2.elf.size'
' '

21:48:31 Build Finished (took 1s.406ms)

